Archive member included because of file (symbol)

c:/program files (x86)/gnu tools arm embedded/4.9 2015q1/bin/../lib/gcc/arm-none-eabi/4.9.3/armv7-m\libgcc.a(_aeabi_uldivmod.o)
                              ..\obj\sntp.o (__aeabi_uldivmod)
c:/program files (x86)/gnu tools arm embedded/4.9 2015q1/bin/../lib/gcc/arm-none-eabi/4.9.3/armv7-m\libgcc.a(bpabi.o)
                              c:/program files (x86)/gnu tools arm embedded/4.9 2015q1/bin/../lib/gcc/arm-none-eabi/4.9.3/armv7-m\libgcc.a(_aeabi_uldivmod.o) (__gnu_uldivmod_helper)
c:/program files (x86)/gnu tools arm embedded/4.9 2015q1/bin/../lib/gcc/arm-none-eabi/4.9.3/armv7-m\libgcc.a(_dvmd_tls.o)
                              c:/program files (x86)/gnu tools arm embedded/4.9 2015q1/bin/../lib/gcc/arm-none-eabi/4.9.3/armv7-m\libgcc.a(_aeabi_uldivmod.o) (__aeabi_ldiv0)
c:/program files (x86)/gnu tools arm embedded/4.9 2015q1/bin/../lib/gcc/arm-none-eabi/4.9.3/armv7-m\libgcc.a(_divdi3.o)
                              c:/program files (x86)/gnu tools arm embedded/4.9 2015q1/bin/../lib/gcc/arm-none-eabi/4.9.3/armv7-m\libgcc.a(bpabi.o) (__divdi3)
c:/program files (x86)/gnu tools arm embedded/4.9 2015q1/bin/../lib/gcc/arm-none-eabi/4.9.3/armv7-m\libgcc.a(_udivdi3.o)
                              c:/program files (x86)/gnu tools arm embedded/4.9 2015q1/bin/../lib/gcc/arm-none-eabi/4.9.3/armv7-m\libgcc.a(bpabi.o) (__udivdi3)
c:/program files (x86)/gnu tools arm embedded/4.9 2015q1/bin/../lib/gcc/arm-none-eabi/4.9.3/../../../../arm-none-eabi/lib/armv7-m\libg.a(lib_a-atoi.o)
                              ..\obj\ftpc.o (atoi)
c:/program files (x86)/gnu tools arm embedded/4.9 2015q1/bin/../lib/gcc/arm-none-eabi/4.9.3/../../../../arm-none-eabi/lib/armv7-m\libg.a(lib_a-ctype_.o)
                              ..\obj\ftpd.o (__ctype_ptr__)
c:/program files (x86)/gnu tools arm embedded/4.9 2015q1/bin/../lib/gcc/arm-none-eabi/4.9.3/../../../../arm-none-eabi/lib/armv7-m\libg.a(lib_a-impure.o)
                              ..\obj\printf.o (_impure_ptr)
c:/program files (x86)/gnu tools arm embedded/4.9 2015q1/bin/../lib/gcc/arm-none-eabi/4.9.3/../../../../arm-none-eabi/lib/armv7-m\libg.a(lib_a-malloc.o)
                              ..\obj\httpServer.o (malloc)
c:/program files (x86)/gnu tools arm embedded/4.9 2015q1/bin/../lib/gcc/arm-none-eabi/4.9.3/../../../../arm-none-eabi/lib/armv7-m\libg.a(lib_a-mallocr.o)
                              c:/program files (x86)/gnu tools arm embedded/4.9 2015q1/bin/../lib/gcc/arm-none-eabi/4.9.3/../../../../arm-none-eabi/lib/armv7-m\libg.a(lib_a-malloc.o) (_malloc_r)
c:/program files (x86)/gnu tools arm embedded/4.9 2015q1/bin/../lib/gcc/arm-none-eabi/4.9.3/../../../../arm-none-eabi/lib/armv7-m\libg.a(lib_a-memcmp.o)
                              ..\obj\snmp.o (memcmp)
c:/program files (x86)/gnu tools arm embedded/4.9 2015q1/bin/../lib/gcc/arm-none-eabi/4.9.3/../../../../arm-none-eabi/lib/armv7-m\libg.a(lib_a-memcpy.o)
                              ..\obj\tftp.o (memcpy)
c:/program files (x86)/gnu tools arm embedded/4.9 2015q1/bin/../lib/gcc/arm-none-eabi/4.9.3/../../../../arm-none-eabi/lib/armv7-m\libg.a(lib_a-memset.o)
                              ..\obj\snmp_custom.o (memset)
c:/program files (x86)/gnu tools arm embedded/4.9 2015q1/bin/../lib/gcc/arm-none-eabi/4.9.3/../../../../arm-none-eabi/lib/armv7-m\libg.a(lib_a-mlock.o)
                              c:/program files (x86)/gnu tools arm embedded/4.9 2015q1/bin/../lib/gcc/arm-none-eabi/4.9.3/../../../../arm-none-eabi/lib/armv7-m\libg.a(lib_a-mallocr.o) (__malloc_lock)
c:/program files (x86)/gnu tools arm embedded/4.9 2015q1/bin/../lib/gcc/arm-none-eabi/4.9.3/../../../../arm-none-eabi/lib/armv7-m\libg.a(lib_a-putchar.o)
                              ..\obj\snmp.o (putchar)
c:/program files (x86)/gnu tools arm embedded/4.9 2015q1/bin/../lib/gcc/arm-none-eabi/4.9.3/../../../../arm-none-eabi/lib/armv7-m\libg.a(lib_a-sbrkr.o)
                              c:/program files (x86)/gnu tools arm embedded/4.9 2015q1/bin/../lib/gcc/arm-none-eabi/4.9.3/../../../../arm-none-eabi/lib/armv7-m\libg.a(lib_a-mallocr.o) (_sbrk_r)
c:/program files (x86)/gnu tools arm embedded/4.9 2015q1/bin/../lib/gcc/arm-none-eabi/4.9.3/../../../../arm-none-eabi/lib/armv7-m\libg.a(lib_a-sscanf.o)
                              ..\obj\snmp.o (sscanf)
c:/program files (x86)/gnu tools arm embedded/4.9 2015q1/bin/../lib/gcc/arm-none-eabi/4.9.3/../../../../arm-none-eabi/lib/armv7-m\libg.a(lib_a-stdio.o)
                              c:/program files (x86)/gnu tools arm embedded/4.9 2015q1/bin/../lib/gcc/arm-none-eabi/4.9.3/../../../../arm-none-eabi/lib/armv7-m\libg.a(lib_a-sscanf.o) (__seofread)
c:/program files (x86)/gnu tools arm embedded/4.9 2015q1/bin/../lib/gcc/arm-none-eabi/4.9.3/../../../../arm-none-eabi/lib/armv7-m\libg.a(lib_a-strcat.o)
                              ..\obj\httpParser.o (strcat)
[...]
Memory Configuration

Name             Origin             Length             Attributes
rom              0x08000000         0x00040000         xr
ram              0x20000000         0x0000c000         xrw
*default*        0x00000000         0xffffffff

Linker script and memory map

                0x2000c000                _eram = 0x2000c000

.text           0x08000000     0x4a88
 *(.isr_vector)
 .isr_vector    0x08000000      0x134 ..\obj\startup_stm32f10x_hd.o
                0x08000000                g_pfnVectors
 *(.text*)
 .text.socket   0x08000134      0x214 ..\obj\socket.o
                0x08000134                socket
 .text.close    0x08000348       0xdc ..\obj\socket.o
                0x08000348                close
 .text.listen   0x08000424       0xc4 ..\obj\socket.o
                0x08000424                listen
 .text.disconnect
                0x080004e8       0xec ..\obj\socket.o
                0x080004e8                disconnect
 .text.recv     0x080005d4      0x16c ..\obj\socket.o
                0x080005d4                recv
 .text.I2C1Initialize
                0x08000740       0x74 ..\obj\IoTEVB.o
                0x08000740                I2C1Initialize
 .text.MACEEP_Read
                0x080007b4      0x110 ..\obj\IoTEVB.o
                0x080007b4                MACEEP_Read
 .text.USART1Initialze
                0x080008c4       0x88 ..\obj\IoTEVB.o
                0x080008c4                USART1Initialze
 .text.led_initialize
                0x0800094c       0x44 ..\obj\IoTEVB.o
                0x0800094c                led_initialize
 .text.print_network_information
                0x08000990       0xe0 ..\obj\IoTEVB.o
                0x08000990                print_network_information
 .text.TIM_TimeBaseInit
                0x08000a70       0xf8 ..\obj\stm32f10x_tim.o
                0x08000a70                TIM_TimeBaseInit
 .text.TIM_Cmd  0x08000b68       0x40 ..\obj\stm32f10x_tim.o
                0x08000b68                TIM_Cmd
 .text.TIM_ITConfig
                0x08000ba8       0x48 ..\obj\stm32f10x_tim.o
                0x08000ba8                TIM_ITConfig
 .text.TIM_ClearITPendingBit
                0x08000bf0       0x20 ..\obj\stm32f10x_tim.o
                0x08000bf0                TIM_ClearITPendingBit
 .text.SystemInit
                0x08000c10       0x68 ..\obj\system_stm32f10x.o
                0x08000c10                SystemInit
 .text.SetSysClock
                0x08000c78        0xc ..\obj\system_stm32f10x.o
 .text.SetSysClockTo72
                0x08000c84      0x100 ..\obj\system_stm32f10x.o
 .text.Default_Reset_Handler
                0x08000d84       0x5c ..\obj\startup_stm32f10x_hd.o
                0x08000d84                Default_Reset_Handler
                0x08000d84                Reset_Handler
 .text.Default_Handler
                0x08000de0        0x8 ..\obj\startup_stm32f10x_hd.o
                0x08000de0                EXTI2_IRQHandler
                0x08000de0                TIM8_TRG_COM_IRQHandler
                0x08000de0                TIM8_CC_IRQHandler
                0x08000de0                DebugMon_Handler
                0x08000de0                TIM1_CC_IRQHandler
                0x08000de0                HardFault_Handler
                0x08000de0                TIM6_IRQHandler
                0x08000de0                PVD_IRQHandler
                0x08000de0                SDIO_IRQHandler
                0x08000de0                NMI_Handler
                0x08000de0                EXTI3_IRQHandler
                0x08000de0                EXTI0_IRQHandler
                0x08000de0                I2C2_EV_IRQHandler
                0x08000de0                UsageFault_Handler
                0x08000de0                ADC1_2_IRQHandler
                0x08000de0                SPI1_IRQHandler
                0x08000de0                TAMPER_IRQHandler
                0x08000de0                TIM8_UP_IRQHandler
                0x08000de0                DMA2_Channel2_IRQHandler
                0x08000de0                DMA1_Channel4_IRQHandler
                0x08000de0                USART3_IRQHandler
                0x08000de0                RTC_IRQHandler
                0x08000de0                DMA1_Channel7_IRQHandler
                0x08000de0                CAN1_RX1_IRQHandler
                0x08000de0                UART5_IRQHandler
                0x08000de0                ADC3_IRQHandler
                0x08000de0                TIM4_IRQHandler
                0x08000de0                DMA2_Channel1_IRQHandler
                0x08000de0                I2C1_EV_IRQHandler
                0x08000de0                DMA1_Channel6_IRQHandler
                0x08000de0                UART4_IRQHandler
                0x08000de0                TIM3_IRQHandler
                0x08000de0                RCC_IRQHandler
                0x08000de0                TIM1_TRG_COM_IRQHandler
                0x08000de0                DMA1_Channel1_IRQHandler
                0x08000de0                EXTI15_10_IRQHandler
                0x08000de0                TIM7_IRQHandler
                0x08000de0                TIM5_IRQHandler
                0x08000de0                EXTI9_5_IRQHandler
                0x08000de0                SPI2_IRQHandler
                0x08000de0                MemManage_Handler
                0x08000de0                DMA1_Channel5_IRQHandler
                0x08000de0                EXTI4_IRQHandler
                0x08000de0                USB_LP_CAN1_RX0_IRQHandler
                0x08000de0                USB_HP_CAN1_TX_IRQHandler
                0x08000de0                DMA1_Channel3_IRQHandler
                0x08000de0                FSMC_IRQHandler
                0x08000de0                TIM1_UP_IRQHandler
                0x08000de0                WWDG_IRQHandler
                0x08000de0                TIM1_BRK_IRQHandler
                0x08000de0                EXTI1_IRQHandler
                0x08000de0                RTCAlarm_IRQHandler
                0x08000de0                DMA2_Channel4_5_IRQHandler
                0x08000de0                USART2_IRQHandler
                0x08000de0                I2C2_ER_IRQHandler
                0x08000de0                TIM8_BRK_IRQHandler
                0x08000de0                CAN1_SCE_IRQHandler
                0x08000de0                FLASH_IRQHandler
                0x08000de0                BusFault_Handler
                0x08000de0                USART1_IRQHandler
                0x08000de0                SPI3_IRQHandler
                0x08000de0                I2C1_ER_IRQHandler
                0x08000de0                USBWakeUp_IRQHandler
                0x08000de0                DMA2_Channel3_IRQHandler
 .text.GPIO_Init
                0x08000de8      0x180 ..\obj\stm32f10x_gpio.o
                0x08000de8                GPIO_Init
 .text.GPIO_SetBits
                0x08000f68       0x1c ..\obj\stm32f10x_gpio.o
                0x08000f68                GPIO_SetBits
 .text.GPIO_ResetBits
                0x08000f84       0x1c ..\obj\stm32f10x_gpio.o
                0x08000f84                GPIO_ResetBits
 .text.GPIO_WriteBit
                0x08000fa0       0x30 ..\obj\stm32f10x_gpio.o
                0x08000fa0                GPIO_WriteBit
 .text.main     0x08000fd0       0xf4 ..\obj\main.o
                0x08000fd0                main
 .text.countOneSecond
                0x080010c4       0x74 ..\obj\main.o
 .text.EthernetToDMX
                0x08001138       0x1c ..\obj\main.o
 .text.vDMXTask
                0x08001154       0x5c ..\obj\main.o
 .text.TCPServerToDMX
                0x080011b0      0x18c ..\obj\main.o
                0x080011b0                TCPServerToDMX
 .text.wizchip_cris_enter
                0x0800133c        0xc ..\obj\wizchip_conf.o
                0x0800133c                wizchip_cris_enter
 .text.wizchip_cris_exit
                0x08001348        0xc ..\obj\wizchip_conf.o
                0x08001348                wizchip_cris_exit
 .text.wizchip_cs_select
                0x08001354        0xc ..\obj\wizchip_conf.o
                0x08001354                wizchip_cs_select
 .text.wizchip_cs_deselect
                0x08001360        0xc ..\obj\wizchip_conf.o
                0x08001360                wizchip_cs_deselect
 .text.wizchip_bus_readdata
                0x0800136c       0x1c ..\obj\wizchip_conf.o
                0x0800136c                wizchip_bus_readdata
 .text.wizchip_bus_writedata
                0x08001388       0x1c ..\obj\wizchip_conf.o
                0x08001388                wizchip_bus_writedata
 .text.wizchip_spi_readbyte
                0x080013a4       0x10 ..\obj\wizchip_conf.o
                0x080013a4                wizchip_spi_readbyte
 .text.wizchip_spi_writebyte
                0x080013b4       0x14 ..\obj\wizchip_conf.o
                0x080013b4                wizchip_spi_writebyte
 .text.reg_wizchip_cris_cbfunc
                0x080013c8       0x48 ..\obj\wizchip_conf.o
                0x080013c8                reg_wizchip_cris_cbfunc
 .text.reg_wizchip_cs_cbfunc
                0x08001410       0x48 ..\obj\wizchip_conf.o
                0x08001410                reg_wizchip_cs_cbfunc
 .text.reg_wizchip_spi_cbfunc
                0x08001458       0x54 ..\obj\wizchip_conf.o
                0x08001458                reg_wizchip_spi_cbfunc
 .text.ctlwizchip
                0x080014ac      0x1b8 ..\obj\wizchip_conf.o
                0x080014ac                ctlwizchip
 .text.wizchip_sw_reset
                0x08001664       0x98 ..\obj\wizchip_conf.o
                0x08001664                wizchip_sw_reset
 .text.wizchip_init
                0x080016fc      0x114 ..\obj\wizchip_conf.o
                0x080016fc                wizchip_init
 .text.wizchip_clrinterrupt
                0x08001810       0x3c ..\obj\wizchip_conf.o
                0x08001810                wizchip_clrinterrupt
 .text.wizchip_getinterrupt
                0x0800184c       0x4c ..\obj\wizchip_conf.o
                0x0800184c                wizchip_getinterrupt
 .text.wizchip_setinterruptmask
                0x08001898       0x34 ..\obj\wizchip_conf.o
                0x08001898                wizchip_setinterruptmask
 .text.wizchip_getinterruptmask
                0x080018cc       0x48 ..\obj\wizchip_conf.o
                0x080018cc                wizchip_getinterruptmask
 .text.wizphy_getphylink
                0x08001914       0x30 ..\obj\wizchip_conf.o
                0x08001914                wizphy_getphylink
 .text.wizphy_getphypmode
                0x08001944       0x34 ..\obj\wizchip_conf.o
                0x08001944                wizphy_getphypmode
 .text.wizphy_reset
                0x08001978       0x4c ..\obj\wizchip_conf.o
                0x08001978                wizphy_reset
 .text.wizphy_setphyconf
                0x080019c4       0x84 ..\obj\wizchip_conf.o
                0x080019c4                wizphy_setphyconf
 .text.wizphy_getphyconf
                0x08001a48       0x98 ..\obj\wizchip_conf.o
                0x08001a48                wizphy_getphyconf
 .text.wizphy_setphypmode
                0x08001ae0       0x94 ..\obj\wizchip_conf.o
                0x08001ae0                wizphy_setphypmode
 .text.wizchip_setnetinfo
                0x08001b74       0x7c ..\obj\wizchip_conf.o
                0x08001b74                wizchip_setnetinfo
 .text.wizchip_getnetinfo
                0x08001bf0       0x7c ..\obj\wizchip_conf.o
                0x08001bf0                wizchip_getnetinfo
 .text.PrintChar
                0x08001c6c       0x30 ..\obj\printf.o
                0x08001c6c                PrintChar
 .text.PutChar  0x08001c9c       0x20 ..\obj\printf.o
                0x08001c9c                PutChar
 .text.PutString
                0x08001cbc       0x3c ..\obj\printf.o
                0x08001cbc                PutString
 .text.PutUnsignedInt
                0x08001cf8       0xa0 ..\obj\printf.o
                0x08001cf8                PutUnsignedInt
 .text.PutSignedInt
                0x08001d98      0x104 ..\obj\printf.o
                0x08001d98                PutSignedInt
 .text.PutHexa  0x08001e9c       0xd8 ..\obj\printf.o
                0x08001e9c                PutHexa
 .text.vsnprintf
                0x08001f74      0x25c ..\obj\printf.o
                0x08001f74                vsnprintf
 .text.vsprintf
                0x080021d0       0x24 ..\obj\printf.o
                0x080021d0                vsprintf
 .text.vfprintf
                0x080021f4       0x68 ..\obj\printf.o
                0x080021f4                vfprintf
 .text.vprintf  0x0800225c       0x28 ..\obj\printf.o
                0x0800225c                vprintf
 .text.printf   0x08002284       0x28 ..\obj\printf.o
                0x08002284                printf
 .text.puts     0x080022ac       0x24 ..\obj\printf.o
                0x080022ac                puts
 .text.fputc    0x080022d0       0x40 ..\obj\printf.o
                0x080022d0                fputc
 .text.fputs    0x08002310       0x48 ..\obj\printf.o
                0x08002310                fputs
 .text.RCC_GetClocksFreq
                0x08002358      0x164 ..\obj\stm32f10x_rcc.o
                0x08002358                RCC_GetClocksFreq
 .text.RCC_AHBPeriphClockCmd
                0x080024bc       0x3c ..\obj\stm32f10x_rcc.o
                0x080024bc                RCC_AHBPeriphClockCmd
 .text.RCC_APB2PeriphClockCmd
                0x080024f8       0x3c ..\obj\stm32f10x_rcc.o
                0x080024f8                RCC_APB2PeriphClockCmd
 .text.RCC_APB1PeriphClockCmd
                0x08002534       0x3c ..\obj\stm32f10x_rcc.o
                0x08002534                RCC_APB1PeriphClockCmd
 .text.WIZCHIP_READ
                0x08002570       0xa8 ..\obj\w5500.o
                0x08002570                WIZCHIP_READ
 .text.WIZCHIP_WRITE
                0x08002618       0xac ..\obj\w5500.o
                0x08002618                WIZCHIP_WRITE
 .text.WIZCHIP_READ_BUF
                0x080026c4       0xd0 ..\obj\w5500.o
                0x080026c4                WIZCHIP_READ_BUF
 .text.WIZCHIP_WRITE_BUF
                0x08002794       0xd0 ..\obj\w5500.o
                0x08002794                WIZCHIP_WRITE_BUF
 .text.getSn_TX_FSR
                0x08002864       0x98 ..\obj\w5500.o
                0x08002864                getSn_TX_FSR
 .text.getSn_RX_RSR
                0x080028fc       0x98 ..\obj\w5500.o
                0x080028fc                getSn_RX_RSR
 .text.wiz_recv_data
                0x08002994       0xb8 ..\obj\w5500.o
                0x08002994                wiz_recv_data
 .text.vBreak   0x08002a4c       0x34 ..\obj\dmx512.o
                0x08002a4c                vBreak
 .text.vIdle    0x08002a80       0x28 ..\obj\dmx512.o
                0x08002a80                vIdle
 .text.vSendPacket
                0x08002aa8       0x24 ..\obj\dmx512.o
                0x08002aa8                vSendPacket
 .text.vDelayUS
                0x08002acc       0x44 ..\obj\dmx512.o
                0x08002acc                vDelayUS
 .text.vInit    0x08002b10      0x1f8 ..\obj\dmx512.o
                0x08002b10                vInit
 .text.vChangeData
                0x08002d08       0x2c ..\obj\dmx512.o
                0x08002d08                vChangeData
 .text.TIM2_IRQHandler
                0x08002d34       0x2c ..\obj\dmx512.o
                0x08002d34                TIM2_IRQHandler
 .text.DMA1_Channel2_IRQHandler
                0x08002d60       0x24 ..\obj\dmx512.o
                0x08002d60                DMA1_Channel2_IRQHandler
 .text.xTaskGenericCreate
                0x08002d84      0x138 ..\obj\tasks.o
                0x08002d84                xTaskGenericCreate
 .text.vTaskDelay
                0x08002ebc       0x74 ..\obj\tasks.o
                0x08002ebc                vTaskDelay
 .text.vTaskStartScheduler
                0x08002f30       0x64 ..\obj\tasks.o
                0x08002f30                vTaskStartScheduler
 .text.vTaskSuspendAll
                0x08002f94       0x1c ..\obj\tasks.o
                0x08002f94                vTaskSuspendAll
 .text.xTaskResumeAll
                0x08002fb0      0x100 ..\obj\tasks.o
                0x08002fb0                xTaskResumeAll
 .text.xTaskIncrementTick
                0x080030b0      0x160 ..\obj\tasks.o
                0x080030b0                xTaskIncrementTick
 .text.vTaskSwitchContext
                0x08003210       0x8c ..\obj\tasks.o
                0x08003210                vTaskSwitchContext
 .text.prvIdleTask
                0x0800329c       0x20 ..\obj\tasks.o
 .text.prvInitialiseTCBVariables
                0x080032bc       0xa4 ..\obj\tasks.o
 .text.prvInitialiseTaskLists
                0x08003360       0x7c ..\obj\tasks.o
 .text.prvCheckTasksWaitingTermination
                0x080033dc       0x74 ..\obj\tasks.o
 .text.prvAddCurrentTaskToDelayedList
                0x08003450       0x6c ..\obj\tasks.o
 .text.prvAllocateTCBAndStack
                0x080034bc       0x58 ..\obj\tasks.o
 .text.prvDeleteTCB
                0x08003514       0x20 ..\obj\tasks.o
 .text.prvResetNextTaskUnblockTime
                0x08003534       0x48 ..\obj\tasks.o
 .text.USART_Init
                0x0800357c      0x174 ..\obj\stm32f10x_usart.o
                0x0800357c                USART_Init
 .text.USART_Cmd
                0x080036f0       0x40 ..\obj\stm32f10x_usart.o
                0x080036f0                USART_Cmd
 .text.USART_DMACmd
                0x08003730       0x48 ..\obj\stm32f10x_usart.o
                0x08003730                USART_DMACmd
 .text.USART_SendData
                0x08003778       0x24 ..\obj\stm32f10x_usart.o
                0x08003778                USART_SendData
 .text.USART_GetFlagStatus
                0x0800379c       0x38 ..\obj\stm32f10x_usart.o
                0x0800379c                USART_GetFlagStatus
 .text.USART_ClearFlag
                0x080037d4       0x20 ..\obj\stm32f10x_usart.o
                0x080037d4                USART_ClearFlag
 .text.USART_ClearITPendingBit
                0x080037f4       0x38 ..\obj\stm32f10x_usart.o
                0x080037f4                USART_ClearITPendingBit
 .text.vListInitialise
                0x0800382c       0x40 ..\obj\list.o
                0x0800382c                vListInitialise
 .text.vListInitialiseItem
                0x0800386c       0x18 ..\obj\list.o
                0x0800386c                vListInitialiseItem
 .text.vListInsertEnd
                0x08003884       0x48 ..\obj\list.o
                0x08003884                vListInsertEnd
 .text.vListInsert
                0x080038cc       0x70 ..\obj\list.o
                0x080038cc                vListInsert
 .text.uxListRemove
                0x0800393c       0x54 ..\obj\list.o
                0x0800393c                uxListRemove
 .text.pxPortInitialiseStack
                0x08003990       0x58 ..\obj\port.o
                0x08003990                pxPortInitialiseStack
 .text.prvTaskExitError
                0x080039e8        0xc ..\obj\port.o
 .text.SVC_Handler
                0x080039f4       0x24 ..\obj\port.o
                0x080039f4                SVC_Handler
 .text.prvPortStartFirstTask
                0x08003a18       0x20 ..\obj\port.o
 .text.xPortStartScheduler
                0x08003a38       0x3c ..\obj\port.o
                0x08003a38                xPortStartScheduler
 .text.vPortYield
                0x08003a74       0x20 ..\obj\port.o
                0x08003a74                vPortYield
 .text.vPortEnterCritical
                0x08003a94       0x20 ..\obj\port.o
                0x08003a94                vPortEnterCritical
 .text.vPortExitCritical
                0x08003ab4       0x24 ..\obj\port.o
                0x08003ab4                vPortExitCritical
 .text.ulPortSetInterruptMask
                0x08003ad8       0x14 ..\obj\port.o
                0x08003ad8                ulPortSetInterruptMask
 .text.vPortClearInterruptMask
                0x08003aec        0x8 ..\obj\port.o
                0x08003aec                vPortClearInterruptMask
 .text.PendSV_Handler
                0x08003af4       0x44 ..\obj\port.o
                0x08003af4                PendSV_Handler
 .text.SysTick_Handler
                0x08003b38       0x28 ..\obj\port.o
                0x08003b38                SysTick_Handler
 .text.vPortSetupTimerInterrupt
                0x08003b60       0x24 ..\obj\port.o
                0x08003b60                vPortSetupTimerInterrupt
 .text.DMA_Init
                0x08003b84       0x7c ..\obj\stm32f10x_dma.o
                0x08003b84                DMA_Init
 .text.DMA_Cmd  0x08003c00       0x38 ..\obj\stm32f10x_dma.o
                0x08003c00                DMA_Cmd
 .text.DMA_ITConfig
                0x08003c38       0x3c ..\obj\stm32f10x_dma.o
                0x08003c38                DMA_ITConfig
 .text.DMA_SetCurrDataCounter
                0x08003c74       0x1c ..\obj\stm32f10x_dma.o
                0x08003c74                DMA_SetCurrDataCounter
 .text.DMA_ClearFlag
                0x08003c90       0x34 ..\obj\stm32f10x_dma.o
                0x08003c90                DMA_ClearFlag
 .text.DMA_ClearITPendingBit
                0x08003cc4       0x34 ..\obj\stm32f10x_dma.o
                0x08003cc4                DMA_ClearITPendingBit
 .text.NVIC_Init
                0x08003cf8       0xc4 ..\obj\misc.o
                0x08003cf8                NVIC_Init
 .text.W5500HardwareInitilize
                0x08003dbc      0x118 ..\obj\W5500HardwareDriver.o
                0x08003dbc                W5500HardwareInitilize
 .text.W5500Initialze
                0x08003ed4       0x94 ..\obj\W5500HardwareDriver.o
                0x08003ed4                W5500Initialze
 .text.W5500HardwareReset
                0x08003f68       0x54 ..\obj\W5500HardwareDriver.o
                0x08003f68                W5500HardwareReset
 .text.W5500WriteByte
                0x08003fbc       0x48 ..\obj\W5500HardwareDriver.o
                0x08003fbc                W5500WriteByte
 .text.W5500ReadByte
                0x08004004       0x40 ..\obj\W5500HardwareDriver.o
                0x08004004                W5500ReadByte
 .text.W5500Select
                0x08004044       0x14 ..\obj\W5500HardwareDriver.o
                0x08004044                W5500Select
 .text.W5500DeSelect
                0x08004058       0x14 ..\obj\W5500HardwareDriver.o
                0x08004058                W5500DeSelect
 .text.SPI_Init
                0x0800406c       0x88 ..\obj\stm32f10x_spi.o
                0x0800406c                SPI_Init
 .text.SPI_Cmd  0x080040f4       0x40 ..\obj\stm32f10x_spi.o
                0x080040f4                SPI_Cmd
 .text.SPI_I2S_SendData
                0x08004134       0x1c ..\obj\stm32f10x_spi.o
                0x08004134                SPI_I2S_SendData
 .text.SPI_I2S_ReceiveData
                0x08004150       0x1c ..\obj\stm32f10x_spi.o
                0x08004150                SPI_I2S_ReceiveData
 .text.SPI_I2S_GetFlagStatus
                0x0800416c       0x38 ..\obj\stm32f10x_spi.o
                0x0800416c                SPI_I2S_GetFlagStatus
 .text.I2C_Init
                0x080041a4      0x184 ..\obj\stm32f10x_i2c.o
                0x080041a4                I2C_Init
 .text.I2C_Cmd  0x08004328       0x40 ..\obj\stm32f10x_i2c.o
                0x08004328                I2C_Cmd
 .text.I2C_GenerateSTART
                0x08004368       0x40 ..\obj\stm32f10x_i2c.o
                0x08004368                I2C_GenerateSTART
 .text.I2C_GenerateSTOP
                0x080043a8       0x40 ..\obj\stm32f10x_i2c.o
                0x080043a8                I2C_GenerateSTOP
 .text.I2C_AcknowledgeConfig
                0x080043e8       0x40 ..\obj\stm32f10x_i2c.o
                0x080043e8                I2C_AcknowledgeConfig
 .text.I2C_SendData
                0x08004428       0x20 ..\obj\stm32f10x_i2c.o
                0x08004428                I2C_SendData
 .text.I2C_ReceiveData
                0x08004448       0x1c ..\obj\stm32f10x_i2c.o
                0x08004448                I2C_ReceiveData
 .text.I2C_Send7bitAddress
                0x08004464       0x3c ..\obj\stm32f10x_i2c.o
                0x08004464                I2C_Send7bitAddress
 .text.I2C_CheckEvent
                0x080044a0       0x60 ..\obj\stm32f10x_i2c.o
                0x080044a0                I2C_CheckEvent
 .text.I2C_GetFlagStatus
                0x08004500       0x68 ..\obj\stm32f10x_i2c.o
                0x08004500                I2C_GetFlagStatus
 .text.pvPortMalloc
                0x08004568      0x11c ..\obj\heap_2.o
                0x08004568                pvPortMalloc
 .text.vPortFree
                0x08004684       0x70 ..\obj\heap_2.o
                0x08004684                vPortFree
 .text.prvHeapInit
                0x080046f4       0x50 ..\obj\heap_2.o
 .text          0x08004744       0xec c:/program files (x86)/gnu tools arm embedded/4.9 2015q1/bin/../lib/gcc/arm-none-eabi/4.9.3/../../../../arm-none-eabi/lib/armv7-m\libg.a(lib_a-memcpy.o)
                0x08004744                memcpy
 .text.memset   0x08004830       0x9c c:/program files (x86)/gnu tools arm embedded/4.9 2015q1/bin/../lib/gcc/arm-none-eabi/4.9.3/../../../../arm-none-eabi/lib/armv7-m\libg.a(lib_a-memset.o)
                0x08004830                memset
 *(.init)
 *(.fini)
 *crtbegin.o(.ctors)
 *crtbegin?.o(.ctors)
 *(EXCLUDE_FILE(*crtend.o *crtend?.o) .ctors)
 *(SORT(.ctors.*))
 *(.ctors)
 *crtbegin.o(.dtors)
 *crtbegin?.o(.dtors)
 *(EXCLUDE_FILE(*crtend.o *crtend?.o) .dtors)
 *(SORT(.dtors.*))
 *(.dtors)
 *(.rodata*)
 .rodata        0x080048cc       0xa0 ..\obj\IoTEVB.o
 .rodata        0x0800496c       0xa4 ..\obj\main.o
 .rodata        0x08004a10       0x24 ..\obj\printf.o
 .rodata        0x08004a34        0x8 ..\obj\tasks.o
 .rodata        0x08004a3c       0x48 ..\obj\W5500HardwareDriver.o
 .rodata.str1.4
                0x08004a84        0x4 c:/program files (x86)/gnu tools arm embedded/4.9 2015q1/bin/../lib/gcc/arm-none-eabi/4.9.3/../../../../arm-none-eabi/lib/armv7-m\libg.a(lib_a-impure.o)
 *(.eh_fram e*)

.glue_7         0x08004a88        0x0
 .glue_7        0x00000000        0x0 linker stubs

.glue_7t        0x08004a88        0x0
 .glue_7t       0x00000000        0x0 linker stubs

.vfp11_veneer   0x08004a88        0x0
 .vfp11_veneer  0x00000000        0x0 linker stubs

.v4_bx          0x08004a88        0x0
 .v4_bx         0x00000000        0x0 linker stubs

.iplt           0x08004a88        0x0
 .iplt          0x00000000        0x0 ..\obj\socket.o

.rel.dyn        0x08004a88        0x0
 .rel.iplt      0x00000000        0x0 ..\obj\socket.o

.ARM.extab
 *(.ARM.extab* .gnu.linkonce.armextab.*)
                0x08004a88                __exidx_start = .

.ARM.exidx
 *(.ARM.exidx* .gnu.linkonce.armexidx.*)
                0x08004a88                __exidx_end = .
                0x08004a88                __etext = .
                0x08004a88                _sidata = __etext

.data           0x20000000      0x4bc load address 0x08004a88
                0x20000000                __data_start__ = .
                0x20000000                _sdata = __data_start__
 *(vtable)
 *(.data*)
 .data          0x20000000        0x2 ..\obj\socket.o
 *fill*         0x20000002        0x2 
 .data          0x20000004       0x14 ..\obj\system_stm32f10x.o
                0x20000004                SystemCoreClock
                0x20000008                AHBPrescTable
 .data          0x20000018       0x18 ..\obj\main.o
                0x20000018                gWIZNETINFO
 .data          0x20000030       0x28 ..\obj\wizchip_conf.o
                0x20000030                WIZCHIP
 .data          0x20000058       0x14 ..\obj\stm32f10x_rcc.o
 .data          0x2000006c       0x1c ..\obj\dmx512.o
                0x2000006c                dmx
 .data          0x20000088        0x4 ..\obj\port.o
 .data          0x2000008c        0x4 ..\obj\heap_2.o
 .data.impure_data
                0x20000090      0x428 c:/program files (x86)/gnu tools arm embedded/4.9 2015q1/bin/../lib/gcc/arm-none-eabi/4.9.3/../../../../arm-none-eabi/lib/armv7-m\libg.a(lib_a-impure.o)
 .data._impure_ptr
                0x200004b8        0x4 c:/program files (x86)/gnu tools arm embedded/4.9 2015q1/bin/../lib/gcc/arm-none-eabi/4.9.3/../../../../arm-none-eabi/lib/armv7-m\libg.a(lib_a-impure.o)
                0x200004b8                _impure_ptr
                0x200004bc                . = ALIGN (0x4)
                0x200004bc                PROVIDE (__preinit_array_start, .)
 *(.preinit_array)
                0x200004bc                PROVIDE (__preinit_array_end, .)
                0x200004bc                . = ALIGN (0x4)
                0x200004bc                PROVIDE (__init_array_start, .)
 *(SORT(.init_array.*))
 *(.init_array)
                0x200004bc                PROVIDE (__init_array_end, .)
                0x200004bc                . = ALIGN (0x4)
                0x200004bc                PROVIDE (__fini_array_start, .)
 *(SORT(.fini_array.*))
 *(.fini_array)
                0x200004bc                PROVIDE (__fini_array_end, .)
 *(.jcr*)
                0x200004bc                . = ALIGN (0x4)
                0x200004bc                __data_end__ = .
                0x200004bc                _edata = __data_end__

.igot.plt       0x200004bc        0x0 load address 0x08004f44
 .igot.plt      0x00000000        0x0 ..\obj\socket.o

.bss            0x200004bc     0x3b58 load address 0x08004f44
                0x200004bc                . = ALIGN (0x4)
                0x200004bc                __bss_start__ = .
                0x200004bc                _sbss = __bss_start__
 *(.bss*)
 .bss           0x200004bc       0x1c ..\obj\socket.o
                0x200004d0                sock_pack_info
 .bss           0x200004d8        0x8 ..\obj\main.o
                0x200004d8                mac_address
 .bss           0x200004e0        0x8 ..\obj\wizchip_conf.o
 .bss           0x200004e8      0x114 ..\obj\tasks.o
                0x200004e8                pxCurrentTCB
 .bss           0x200005fc     0x3014 ..\obj\heap_2.o
 *(COMMON)
 COMMON         0x20003610      0xa01 ..\obj\main.o
                0x20003610                tempBuffer
                0x20003e10                ucDmxBuffer
 COMMON         0x20004011        0x1 ..\obj\dmx512.o
                0x20004011                TmrFlag
                0x20004014                . = ALIGN (0x4)
 *fill*         0x20004012        0x2 
                0x20004014                __bss_end__ = .
                0x20004014                _ebss = __bss_end__

.heap           0x20004014        0x0
                0x20004014                __end__ = .
                0x20004014                _end = __end__
                0x20004014                end = __end__
 *(.heap*)
                0x20004014                __HeapLimit = .

.co_stack       0x20004014      0x404 load address 0x08008a9c
                0x20004018                . = ALIGN (0x8)
 *fill*         0x20004014        0x4 
 *(.co_stack .co_stack.*)
 .co_stack      0x20004018      0x400 ..\obj\startup_stm32f10x_hd.o
                0x20004018                pulStack
                0x2000c000                __StackTop = (ORIGIN (ram) + 0xc000)
                0x2000bbfc                __StackLimit = (__StackTop - SIZEOF (.co_stack))
                0x2000c000                PROVIDE (__stack, __StackTop)
                0x00000001                ASSERT ((__StackLimit >= __HeapLimit), region ram  overflowed with stack)
LOAD ..\obj\socket.o
LOAD ..\obj\httpParser.o
LOAD ..\obj\IoTEVB.o
LOAD ..\obj\w5200.o
LOAD ..\obj\sntp.o
LOAD ..\obj\stm32f10x_tim.o
LOAD ..\obj\tftp.o
LOAD ..\obj\snmp_custom.o
LOAD ..\obj\system_stm32f10x.o
LOAD ..\obj\startup_stm32f10x_hd.o
LOAD ..\obj\netutil.o
LOAD ..\obj\stm32f10x_gpio.o
LOAD ..\obj\httpServer.o
LOAD ..\obj\main.o
LOAD ..\obj\timers.o
LOAD ..\obj\wizchip_conf.o
LOAD ..\obj\printf.o
LOAD ..\obj\stm32f10x_rcc.o
LOAD ..\obj\w5500.o
LOAD ..\obj\httpUtil.o
LOAD ..\obj\dmx512.o
LOAD ..\obj\loopback.o
LOAD ..\obj\stm32f10x_exti.o
LOAD ..\obj\tasks.o
LOAD ..\obj\w5300.o
LOAD ..\obj\ftpc.o
LOAD ..\obj\w5100.o
LOAD ..\obj\stm32f10x_usart.o
LOAD ..\obj\ftpd.o
LOAD ..\obj\snmp.o
LOAD ..\obj\list.o
LOAD ..\obj\stm32f10x_flash.o
LOAD ..\obj\queue.o
LOAD ..\obj\port.o
LOAD ..\obj\stm32f10x_dma.o
LOAD ..\obj\croutine.o
LOAD ..\obj\event_groups.o
LOAD ..\obj\dns.o
LOAD ..\obj\misc.o
LOAD ..\obj\W5500HardwareDriver.o
LOAD ..\obj\stm32f10x_spi.o
LOAD ..\obj\dhcp.o
LOAD ..\obj\stm32f10x_i2c.o
LOAD ..\obj\heap_2.o
START GROUP
LOAD c:/program files (x86)/gnu tools arm embedded/4.9 2015q1/bin/../lib/gcc/arm-none-eabi/4.9.3/armv7-m\libgcc.a
LOAD c:/program files (x86)/gnu tools arm embedded/4.9 2015q1/bin/../lib/gcc/arm-none-eabi/4.9.3/../../../../arm-none-eabi/lib/armv7-m\libg.a
LOAD c:/program files (x86)/gnu tools arm embedded/4.9 2015q1/bin/../lib/gcc/arm-none-eabi/4.9.3/../../../../arm-none-eabi/lib/armv7-m\libc.a
END GROUP
OUTPUT(W5500FreeRTOSExample.elf elf32-littlearm)

.debug_info     0x00000000     0xb58f
 .debug_info    0x00000000      0x644 ..\obj\socket.o
 .debug_info    0x00000644      0x6b2 ..\obj\IoTEVB.o
 .debug_info    0x00000cf6     0x1c58 ..\obj\stm32f10x_tim.o
 .debug_info    0x0000294e      0x479 ..\obj\system_stm32f10x.o
 .debug_info    0x00002dc7       0xe9 ..\obj\startup_stm32f10x_hd.o
 .debug_info    0x00002eb0      0x6e7 ..\obj\stm32f10x_gpio.o
 .debug_info    0x00003597      0x41d ..\obj\main.o
 .debug_info    0x000039b4      0xbea ..\obj\wizchip_conf.o
 .debug_info    0x0000459e      0xf6a ..\obj\printf.o
 .debug_info    0x00005508      0x88d ..\obj\stm32f10x_rcc.o
 .debug_info    0x00005d95      0x530 ..\obj\w5500.o
 .debug_info    0x000062c5      0xb2d ..\obj\dmx512.o
 .debug_info    0x00006df2     0x1253 ..\obj\tasks.o
 .debug_info    0x00008045      0x9e8 ..\obj\stm32f10x_usart.o
 .debug_info    0x00008a2d      0x299 ..\obj\list.o
 .debug_info    0x00008cc6      0x234 ..\obj\port.o
 .debug_info    0x00008efa      0x473 ..\obj\stm32f10x_dma.o
 .debug_info    0x0000936d      0x53d ..\obj\misc.o
 .debug_info    0x000098aa      0x61a ..\obj\W5500HardwareDriver.o
 .debug_info    0x00009ec4      0x8f3 ..\obj\stm32f10x_spi.o
 .debug_info    0x0000a7b7      0xb00 ..\obj\stm32f10x_i2c.o
 .debug_info    0x0000b2b7      0x2d8 ..\obj\heap_2.o

.debug_abbrev   0x00000000     0x228c
 .debug_abbrev  0x00000000      0x135 ..\obj\socket.o
 .debug_abbrev  0x00000135      0x168 ..\obj\IoTEVB.o
 .debug_abbrev  0x0000029d      0x1b0 ..\obj\stm32f10x_tim.o
 .debug_abbrev  0x0000044d      0x14c ..\obj\system_stm32f10x.o
 .debug_abbrev  0x00000599       0xa7 ..\obj\startup_stm32f10x_hd.o
 .debug_abbrev  0x00000640      0x1c8 ..\obj\stm32f10x_gpio.o
 .debug_abbrev  0x00000808      0x1e9 ..\obj\main.o
 .debug_abbrev  0x000009f1      0x283 ..\obj\wizchip_conf.o
 .debug_abbrev  0x00000c74      0x2b3 ..\obj\printf.o
 .debug_abbrev  0x00000f27      0x1ba ..\obj\stm32f10x_rcc.o
 .debug_abbrev  0x000010e1      0x19b ..\obj\w5500.o
 .debug_abbrev  0x0000127c      0x1fc ..\obj\dmx512.o
 .debug_abbrev  0x00001478      0x270 ..\obj\tasks.o
 .debug_abbrev  0x000016e8      0x162 ..\obj\stm32f10x_usart.o
 .debug_abbrev  0x0000184a       0xbc ..\obj\list.o
 .debug_abbrev  0x00001906      0x160 ..\obj\port.o
 .debug_abbrev  0x00001a66      0x155 ..\obj\stm32f10x_dma.o
 .debug_abbrev  0x00001bbb      0x145 ..\obj\misc.o
 .debug_abbrev  0x00001d00      0x15a ..\obj\W5500HardwareDriver.o
 .debug_abbrev  0x00001e5a      0x17e ..\obj\stm32f10x_spi.o
 .debug_abbrev  0x00001fd8      0x164 ..\obj\stm32f10x_i2c.o
 .debug_abbrev  0x0000213c      0x150 ..\obj\heap_2.o

.debug_aranges  0x00000000      0xf20
 .debug_aranges
                0x00000000       0x78 ..\obj\socket.o
 .debug_aranges
                0x00000078       0x50 ..\obj\IoTEVB.o
 .debug_aranges
                0x000000c8      0x2f0 ..\obj\stm32f10x_tim.o
 .debug_aranges
                0x000003b8       0x38 ..\obj\system_stm32f10x.o
 .debug_aranges
                0x000003f0       0x28 ..\obj\startup_stm32f10x_hd.o
 .debug_aranges
                0x00000418       0xa8 ..\obj\stm32f10x_gpio.o
 .debug_aranges
                0x000004c0       0x40 ..\obj\main.o
 .debug_aranges
                0x00000500      0x138 ..\obj\wizchip_conf.o
 .debug_aranges
                0x00000638       0xa0 ..\obj\printf.o
 .debug_aranges
                0x000006d8      0x118 ..\obj\stm32f10x_rcc.o
 .debug_aranges
                0x000007f0       0x60 ..\obj\w5500.o
 .debug_aranges
                0x00000850       0x58 ..\obj\dmx512.o
 .debug_aranges
                0x000008a8      0x180 ..\obj\tasks.o
 .debug_aranges
                0x00000a28      0x100 ..\obj\stm32f10x_usart.o
 .debug_aranges
                0x00000b28       0x40 ..\obj\list.o
 .debug_aranges
                0x00000b68       0x88 ..\obj\port.o
 .debug_aranges
                0x00000bf0       0x70 ..\obj\stm32f10x_dma.o
 .debug_aranges
                0x00000c60       0x40 ..\obj\misc.o
 .debug_aranges
                0x00000ca0       0x50 ..\obj\W5500HardwareDriver.o
 .debug_aranges
                0x00000cf0       0xd0 ..\obj\stm32f10x_spi.o
 .debug_aranges
                0x00000dc0      0x120 ..\obj\stm32f10x_i2c.o
 .debug_aranges
                0x00000ee0       0x40 ..\obj\heap_2.o

.debug_ranges   0x00000000      0xdd8
 .debug_ranges  0x00000000       0x68 ..\obj\socket.o
 .debug_ranges  0x00000068       0x40 ..\obj\IoTEVB.o
 .debug_ranges  0x000000a8      0x2e0 ..\obj\stm32f10x_tim.o
 .debug_ranges  0x00000388       0x28 ..\obj\system_stm32f10x.o
 .debug_ranges  0x000003b0       0x18 ..\obj\startup_stm32f10x_hd.o
 .debug_ranges  0x000003c8       0x98 ..\obj\stm32f10x_gpio.o
 .debug_ranges  0x00000460       0x30 ..\obj\main.o
 .debug_ranges  0x00000490      0x128 ..\obj\wizchip_conf.o
 .debug_ranges  0x000005b8       0x90 ..\obj\printf.o
 .debug_ranges  0x00000648      0x108 ..\obj\stm32f10x_rcc.o
 .debug_ranges  0x00000750       0x50 ..\obj\w5500.o
 .debug_ranges  0x000007a0       0x48 ..\obj\dmx512.o
 .debug_ranges  0x000007e8      0x188 ..\obj\tasks.o
 .debug_ranges  0x00000970       0xf0 ..\obj\stm32f10x_usart.o
 .debug_ranges  0x00000a60       0x30 ..\obj\list.o
 .debug_ranges  0x00000a90       0x78 ..\obj\port.o
 .debug_ranges  0x00000b08       0x60 ..\obj\stm32f10x_dma.o
 .debug_ranges  0x00000b68       0x30 ..\obj\misc.o
 .debug_ranges  0x00000b98       0x40 ..\obj\W5500HardwareDriver.o
 .debug_ranges  0x00000bd8       0xc0 ..\obj\stm32f10x_spi.o
 .debug_ranges  0x00000c98      0x110 ..\obj\stm32f10x_i2c.o
 .debug_ranges  0x00000da8       0x30 ..\obj\heap_2.o

.debug_line     0x00000000     0x5bf9
 .debug_line    0x00000000      0x5aa ..\obj\socket.o
 .debug_line    0x000005aa      0x383 ..\obj\IoTEVB.o
 .debug_line    0x0000092d      0xaff ..\obj\stm32f10x_tim.o
 .debug_line    0x0000142c      0x22b ..\obj\system_stm32f10x.o
 .debug_line    0x00001657       0xac ..\obj\startup_stm32f10x_hd.o
 .debug_line    0x00001703      0x3d7 ..\obj\stm32f10x_gpio.o
 .debug_line    0x00001ada      0x348 ..\obj\main.o
 .debug_line    0x00001e22      0x5c8 ..\obj\wizchip_conf.o
 .debug_line    0x000023ea      0x48b ..\obj\printf.o
 .debug_line    0x00002875      0x4e4 ..\obj\stm32f10x_rcc.o
 .debug_line    0x00002d59      0x2ba ..\obj\w5500.o
 .debug_line    0x00003013      0x350 ..\obj\dmx512.o
 .debug_line    0x00003363      0x97e ..\obj\tasks.o
 .debug_line    0x00003ce1      0x4ba ..\obj\stm32f10x_usart.o
 .debug_line    0x0000419b      0x278 ..\obj\list.o
 .debug_line    0x00004413      0x2d3 ..\obj\port.o
 .debug_line    0x000046e6      0x324 ..\obj\stm32f10x_dma.o
 .debug_line    0x00004a0a      0x265 ..\obj\misc.o
 .debug_line    0x00004c6f      0x37f ..\obj\W5500HardwareDriver.o
 .debug_line    0x00004fee      0x442 ..\obj\stm32f10x_spi.o
 .debug_line    0x00005430      0x4f7 ..\obj\stm32f10x_i2c.o
 .debug_line    0x00005927      0x2d2 ..\obj\heap_2.o

.debug_str      0x00000000     0x4cfd
 .debug_str     0x00000000      0x39c ..\obj\socket.o
                                0x418 (size before relaxing)
 .debug_str     0x0000039c      0x43e ..\obj\IoTEVB.o
                                0x5a7 (size before relaxing)
 .debug_str     0x000007da      0xbb7 ..\obj\stm32f10x_tim.o
                                0xdef (size before relaxing)
 .debug_str     0x00001391      0x177 ..\obj\system_stm32f10x.o
                                0x301 (size before relaxing)
 .debug_str     0x00001508       0xba ..\obj\startup_stm32f10x_hd.o
                                0x151 (size before relaxing)
 .debug_str     0x000015c2      0x26b ..\obj\stm32f10x_gpio.o
                                0x52b (size before relaxing)
 .debug_str     0x0000182d      0x110 ..\obj\main.o
                                0x321 (size before relaxing)
 .debug_str     0x0000193d      0x6c6 ..\obj\wizchip_conf.o
                                0x8ae (size before relaxing)
 .debug_str     0x00002003      0x4bc ..\obj\printf.o
                                0x722 (size before relaxing)
 .debug_str     0x000024bf      0x3f2 ..\obj\stm32f10x_rcc.o
                                0x62c (size before relaxing)
 .debug_str     0x000028b1       0xf2 ..\obj\w5500.o
                                0x2df (size before relaxing)
 .debug_str     0x000029a3      0x5dd ..\obj\dmx512.o
                                0xb74 (size before relaxing)
 .debug_str     0x00002f80      0xa9a ..\obj\tasks.o
                                0xc66 (size before relaxing)
 .debug_str     0x00003a1a      0x3b3 ..\obj\stm32f10x_usart.o
                                0x6a2 (size before relaxing)
 .debug_str     0x00003dcd       0xe0 ..\obj\list.o
                                0x2ad (size before relaxing)
 .debug_str     0x00003ead      0x18f ..\obj\port.o
                                0x308 (size before relaxing)
 .debug_str     0x0000403c      0x149 ..\obj\stm32f10x_dma.o
                                0x3c9 (size before relaxing)
 .debug_str     0x00004185      0x163 ..\obj\misc.o
                                0x3d0 (size before relaxing)
 .debug_str     0x000042e8      0x271 ..\obj\W5500HardwareDriver.o
                                0x75a (size before relaxing)
 .debug_str     0x00004559      0x2cf ..\obj\stm32f10x_spi.o
                                0x60f (size before relaxing)
 .debug_str     0x00004828      0x342 ..\obj\stm32f10x_i2c.o
                                0x678 (size before relaxing)
 .debug_str     0x00004b6a      0x193 ..\obj\heap_2.o
                                0x2f8 (size before relaxing)

.comment        0x00000000       0x70
 .comment       0x00000000       0x70 ..\obj\socket.o
                                 0x71 (size before relaxing)
 .comment       0x00000000       0x71 ..\obj\IoTEVB.o
 .comment       0x00000000       0x71 ..\obj\stm32f10x_tim.o
 .comment       0x00000000       0x71 ..\obj\system_stm32f10x.o
 .comment       0x00000000       0x71 ..\obj\startup_stm32f10x_hd.o
 .comment       0x00000000       0x71 ..\obj\stm32f10x_gpio.o
 .comment       0x00000000       0x71 ..\obj\main.o
 .comment       0x00000000       0x71 ..\obj\wizchip_conf.o
 .comment       0x00000000       0x71 ..\obj\printf.o
 .comment       0x00000000       0x71 ..\obj\stm32f10x_rcc.o
 .comment       0x00000000       0x71 ..\obj\w5500.o
 .comment       0x00000000       0x71 ..\obj\dmx512.o
 .comment       0x00000000       0x71 ..\obj\tasks.o
 .comment       0x00000000       0x71 ..\obj\stm32f10x_usart.o
 .comment       0x00000000       0x71 ..\obj\list.o
 .comment       0x00000000       0x71 ..\obj\port.o
 .comment       0x00000000       0x71 ..\obj\stm32f10x_dma.o
 .comment       0x00000000       0x71 ..\obj\misc.o
 .comment       0x00000000       0x71 ..\obj\W5500HardwareDriver.o
 .comment       0x00000000       0x71 ..\obj\stm32f10x_spi.o
 .comment       0x00000000       0x71 ..\obj\stm32f10x_i2c.o
 .comment       0x00000000       0x71 ..\obj\heap_2.o

.ARM.attributes
                0x00000000       0x31
 .ARM.attributes
                0x00000000       0x33 ..\obj\socket.o
 .ARM.attributes
                0x00000033       0x33 ..\obj\IoTEVB.o
 .ARM.attributes
                0x00000066       0x33 ..\obj\stm32f10x_tim.o
 .ARM.attributes
                0x00000099       0x33 ..\obj\system_stm32f10x.o
 .ARM.attributes
                0x000000cc       0x33 ..\obj\startup_stm32f10x_hd.o
 .ARM.attributes
                0x000000ff       0x33 ..\obj\stm32f10x_gpio.o
 .ARM.attributes
                0x00000132       0x33 ..\obj\main.o
 .ARM.attributes
                0x00000165       0x33 ..\obj\wizchip_conf.o
 .ARM.attributes
                0x00000198       0x33 ..\obj\printf.o
 .ARM.attributes
                0x000001cb       0x33 ..\obj\stm32f10x_rcc.o
 .ARM.attributes
                0x000001fe       0x33 ..\obj\w5500.o
 .ARM.attributes
                0x00000231       0x33 ..\obj\dmx512.o
 .ARM.attributes
                0x00000264       0x33 ..\obj\tasks.o
 .ARM.attributes
                0x00000297       0x33 ..\obj\stm32f10x_usart.o
 .ARM.attributes
                0x000002ca       0x33 ..\obj\list.o
 .ARM.attributes
                0x000002fd       0x33 ..\obj\port.o
 .ARM.attributes
                0x00000330       0x33 ..\obj\stm32f10x_dma.o
 .ARM.attributes
                0x00000363       0x33 ..\obj\misc.o
 .ARM.attributes
                0x00000396       0x33 ..\obj\W5500HardwareDriver.o
 .ARM.attributes
                0x000003c9       0x33 ..\obj\stm32f10x_spi.o
 .ARM.attributes
                0x000003fc       0x33 ..\obj\stm32f10x_i2c.o
 .ARM.attributes
                0x0000042f       0x33 ..\obj\heap_2.o
 .ARM.attributes
                0x00000462       0x2d c:/program files (x86)/gnu tools arm embedded/4.9 2015q1/bin/../lib/gcc/arm-none-eabi/4.9.3/../../../../arm-none-eabi/lib/armv7-m\libg.a(lib_a-impure.o)
 .ARM.attributes
                0x0000048f       0x1b c:/program files (x86)/gnu tools arm embedded/4.9 2015q1/bin/../lib/gcc/arm-none-eabi/4.9.3/../../../../arm-none-eabi/lib/armv7-m\libg.a(lib_a-memcpy.o)
 .ARM.attributes
                0x000004aa       0x2d c:/program files (x86)/gnu tools arm embedded/4.9 2015q1/bin/../lib/gcc/arm-none-eabi/4.9.3/../../../../arm-none-eabi/lib/armv7-m\libg.a(lib_a-memset.o)

.debug_frame    0x00000000     0x3fb4
 .debug_frame   0x00000000      0x1d4 ..\obj\socket.o
 .debug_frame   0x000001d4      0x114 ..\obj\IoTEVB.o
 .debug_frame   0x000002e8      0xe2c ..\obj\stm32f10x_tim.o
 .debug_frame   0x00001114       0x98 ..\obj\system_stm32f10x.o
 .debug_frame   0x000011ac       0x4c ..\obj\startup_stm32f10x_hd.o
 .debug_frame   0x000011f8      0x2d0 ..\obj\stm32f10x_gpio.o
 .debug_frame   0x000014c8       0xb8 ..\obj\main.o
 .debug_frame   0x00001580      0x534 ..\obj\wizchip_conf.o
 .debug_frame   0x00001ab4      0x2dc ..\obj\printf.o
 .debug_frame   0x00001d90      0x4f4 ..\obj\stm32f10x_rcc.o
 .debug_frame   0x00002284      0x16c ..\obj\w5500.o
 .debug_frame   0x000023f0      0x120 ..\obj\dmx512.o
 .debug_frame   0x00002510      0x66c ..\obj\tasks.o
 .debug_frame   0x00002b7c      0x490 ..\obj\stm32f10x_usart.o
 .debug_frame   0x0000300c       0xd8 ..\obj\list.o
 .debug_frame   0x000030e4      0x174 ..\obj\port.o
 .debug_frame   0x00003258      0x1c8 ..\obj\stm32f10x_dma.o
 .debug_frame   0x00003420       0xd8 ..\obj\misc.o
 .debug_frame   0x000034f8       0xf8 ..\obj\W5500HardwareDriver.o
 .debug_frame   0x000035f0      0x3a0 ..\obj\stm32f10x_spi.o
 .debug_frame   0x00003990      0x530 ..\obj\stm32f10x_i2c.o
 .debug_frame   0x00003ec0       0xc0 ..\obj\heap_2.o
 .debug_frame   0x00003f80       0x34 c:/program files (x86)/gnu tools arm embedded/4.9 2015q1/bin/../lib/gcc/arm-none-eabi/4.9.3/../../../../arm-none-eabi/lib/armv7-m\libg.a(lib_a-memset.o)
